python : E
At line:1 char:1
+ python 
test_mongo_auth.py > 
test_output.txt 2>&1
+ ~~~~~~~~~~~~~~~~~~~~~~~~
~~~~~~~~~~~~~~~~~~~~~~~~
    + CategoryInfo        
      : NotSpecified: (E  
  :String) [], RemoteEx   
 ception
    + FullyQualifiedError 
   Id : NativeCommandErr  
  or
 
==========================
==========================
==================
ERROR: test_login_success 
(__main__.AuthTestCase.tes
t_login_success)
--------------------------
--------------------------
------------------
Traceback (most recent 
call last):
  File "C:\Users\rawat\One
Drive\Desktop\Properly 
Working Projects\Agricultu
re_Website-main\test_mongo
_auth.py", line 61, in 
test_login_success
    self.assertTrue(curren
t_user.is_authenticated)
                    ^^^^^^
^^^^^^^^^^^^^^^^^^^^^^^
AttributeError: 
'NoneType' object has no 
attribute 
'is_authenticated'

--------------------------
--------------------------
------------------
Ran 1 test in 0.216s

FAILED (errors=1)
